
Memory Configuration

Name             Origin             Length             Attributes
Mem              0x00000000         0x04000000         xrw
*default*        0x00000000         0xffffffff

Linker script and memory map

                0x00010000                . = 0x10000

.startup        0x00010000        0xc
 startup.o(.text)
 .text          0x00010000        0xc startup.o
                0x00010000                reset

.text           0x0001000c       0xd4
 *(.text)
 .text          0x0001000c       0x20 APP.o
                0x0001000c                main
 .text          0x0001002c       0x50 UART.o
                0x0001002c                UART_TXT
 *(.rodata)
 .rodata        0x0001007c       0x64 APP.o
                0x0001007c                rodata_text

.glue_7         0x000100e0        0x0
 .glue_7        0x00000000        0x0 linker stubs

.glue_7t        0x000100e0        0x0
 .glue_7t       0x00000000        0x0 linker stubs

.vfp11_veneer   0x000100e0        0x0
 .vfp11_veneer  0x00000000        0x0 linker stubs

.v4_bx          0x000100e0        0x0
 .v4_bx         0x00000000        0x0 linker stubs

.iplt           0x000100e0        0x0
 .iplt          0x00000000        0x0 startup.o

.rel.dyn        0x000100e0        0x0
 .rel.iplt      0x00000000        0x0 startup.o

.data           0x000100e0       0x64
 *(.data)
 .data          0x000100e0        0x0 startup.o
 .data          0x000100e0       0x64 APP.o
                0x000100e0                my_text
 .data          0x00010144        0x0 UART.o

.igot.plt       0x00010144        0x0
 .igot.plt      0x00000000        0x0 startup.o

.bss            0x00010144        0x0
 *(.bss)
 .bss           0x00010144        0x0 startup.o
 .bss           0x00010144        0x0 APP.o
 .bss           0x00010144        0x0 UART.o
 *(COMMON)
                0x00011144                . = (. + 0x1000)
                0x00011144                stack_top = .
LOAD APP.o
LOAD UART.o
LOAD startup.o
OUTPUT(learn_in_depth.elf elf32-littlearm)

.ARM.attributes
                0x00000000       0x2c
 .ARM.attributes
                0x00000000       0x14 startup.o
 .ARM.attributes
                0x00000014       0x30 APP.o
 .ARM.attributes
                0x00000044       0x30 UART.o

.comment        0x00000000       0x11
 .comment       0x00000000       0x11 APP.o
                                 0x12 (size before relaxing)
 .comment       0x00000000       0x12 UART.o
