
Memory Configuration

Name             Origin             Length             Attributes
FLASH            0x00000000         0x20000000         xr
SRAM             0x20000000         0x20000000         xrw
*default*        0x00000000         0xffffffff

Linker script and memory map


.text           0x00000000      0x1f8
 *(.vectors*)
 .vectors       0x00000000       0x1c startup.o
                0x00000000                vectors
 *(.text)
 .text          0x0000001c      0x120 app.o
                0x0000001c                main
 .text          0x0000013c       0xbc startup.o
                0x0000013c                Reset_Handler
                0x000001ec                MM_Fault_Handler
                0x000001ec                H_Fault_Handler
                0x000001ec                Bus_Fault
                0x000001ec                Default_Handler
                0x000001ec                Usage_Fault_Handler
                0x000001ec                NMI_Handler
 *(.rodata)
                0x000001f8                . = ALIGN (0x4)
                0x000001f8                _E_text = .

.glue_7         0x000001f8        0x0
 .glue_7        0x00000000        0x0 linker stubs

.glue_7t        0x000001f8        0x0
 .glue_7t       0x00000000        0x0 linker stubs

.vfp11_veneer   0x000001f8        0x0
 .vfp11_veneer  0x00000000        0x0 linker stubs

.v4_bx          0x000001f8        0x0
 .v4_bx         0x00000000        0x0 linker stubs

.iplt           0x000001f8        0x0
 .iplt          0x00000000        0x0 app.o

.rel.dyn        0x000001f8        0x0
 .rel.iplt      0x00000000        0x0 app.o

.data           0x20000000        0x4 load address 0x000001f8
                0x20000000                _S_data = .
 *(.data)
 .data          0x20000000        0x4 app.o
                0x20000000                ptr_pins
 .data          0x20000004        0x0 startup.o
                0x20000004                . = ALIGN (0x4)
                0x20000004                _E_data = .

.igot.plt       0x20000004        0x0 load address 0x000001fc
 .igot.plt      0x00000000        0x0 app.o

.bss            0x20000008      0x408 load address 0x00000200
                0x20000008                _S_bss = .
 *(.bss)
 .bss           0x20000008        0x8 app.o
                0x20000008                i
 .bss           0x20000010      0x400 startup.o
 *(COMMON)
                0x20000410                . = ALIGN (0x4)
                0x20000410                _E_bss = .
                0x20000410                . = ALIGN (0x4)
LOAD app.o
LOAD startup.o
OUTPUT(TivaC_cortex_m4.elf elf32-littlearm)

.debug_info     0x00000000      0x2f8
 .debug_info    0x00000000      0x157 app.o
 .debug_info    0x00000157      0x1a1 startup.o

.debug_abbrev   0x00000000      0x194
 .debug_abbrev  0x00000000       0xbd app.o
 .debug_abbrev  0x000000bd       0xd7 startup.o

.debug_loc      0x00000000       0x90
 .debug_loc     0x00000000       0x2c app.o
 .debug_loc     0x0000002c       0x64 startup.o

.debug_aranges  0x00000000       0x40
 .debug_aranges
                0x00000000       0x20 app.o
 .debug_aranges
                0x00000020       0x20 startup.o

.debug_line     0x00000000      0x16f
 .debug_line    0x00000000       0xb0 app.o
 .debug_line    0x000000b0       0xbf startup.o

.debug_str      0x00000000      0x178
 .debug_str     0x00000000       0xee app.o
                                0x139 (size before relaxing)
 .debug_str     0x000000ee       0x8a startup.o
                                0x167 (size before relaxing)

.comment        0x00000000       0x11
 .comment       0x00000000       0x11 app.o
                                 0x12 (size before relaxing)
 .comment       0x00000000       0x12 startup.o

.ARM.attributes
                0x00000000       0x33
 .ARM.attributes
                0x00000000       0x33 app.o
 .ARM.attributes
                0x00000033       0x33 startup.o

.debug_frame    0x00000000       0x74
 .debug_frame   0x00000000       0x28 app.o
 .debug_frame   0x00000028       0x4c startup.o
