
Allocating common symbols
Common symbol       size              file

i                   0x4               main.o

Memory Configuration

Name             Origin             Length             Attributes
FLASH            0x08000000         0x00020000         xr
SRAM             0x20000000         0x00005000         xrw
*default*        0x00000000         0xffffffff

Linker script and memory map


.text           0x08000000      0x1bc
 *(.vectors*)
 .vectors       0x08000000       0x1c startup.o
                0x08000000                vectors
 *(.text)
 .text          0x0800001c       0xe4 main.o
                0x0800001c                main
 .text          0x08000100       0xbc startup.o
                0x08000100                Reset_Handler
                0x080001b0                MM_Fault_Handler
                0x080001b0                H_Fault_Handler
                0x080001b0                Bus_Fault
                0x080001b0                Default_Handler
                0x080001b0                Usage_Fault_Handler
                0x080001b0                NMI_Handler
 *(.rodata)
                0x080001bc                . = ALIGN (0x4)
                0x080001bc                _E_text = .

.glue_7         0x080001bc        0x0
 .glue_7        0x00000000        0x0 linker stubs

.glue_7t        0x080001bc        0x0
 .glue_7t       0x00000000        0x0 linker stubs

.vfp11_veneer   0x080001bc        0x0
 .vfp11_veneer  0x00000000        0x0 linker stubs

.v4_bx          0x080001bc        0x0
 .v4_bx         0x00000000        0x0 linker stubs

.iplt           0x080001bc        0x0
 .iplt          0x00000000        0x0 main.o

.rel.dyn        0x080001bc        0x0
 .rel.iplt      0x00000000        0x0 main.o

.data           0x20000000       0x18 load address 0x080001bc
                0x20000000                _S_data = .
 *(.data)
 .data          0x20000000       0x18 main.o
                0x20000000                PINS
                0x20000004                const_variables
 .data          0x20000018        0x0 startup.o
                0x20000018                . = ALIGN (0x4)
                0x20000018                _E_data = .

.igot.plt       0x20000018        0x0 load address 0x080001d4
 .igot.plt      0x00000000        0x0 main.o

.bss            0x20000018     0x1004 load address 0x080001d4
                0x20000018                _S_bss = .
 *(.bss)
 .bss           0x20000018        0x0 main.o
 .bss           0x20000018        0x0 startup.o
 *(COMMON)
 COMMON         0x20000018        0x4 main.o
                0x20000018                i
                0x2000001c                . = ALIGN (0x4)
                0x2000001c                _E_bss = .
                0x2000001c                . = ALIGN (0x4)
                0x2000101c                . = (. + 0x1000)
 *fill*         0x2000001c     0x1000 
                0x2000101c                _stack_top = .
LOAD main.o
LOAD startup.o
OUTPUT(Led_flash_cortex_m3.elf elf32-littlearm)

.debug_info     0x00000000      0x31a
 .debug_info    0x00000000      0x19f main.o
 .debug_info    0x0000019f      0x17b startup.o

.debug_abbrev   0x00000000      0x1ad
 .debug_abbrev  0x00000000       0xe9 main.o
 .debug_abbrev  0x000000e9       0xc4 startup.o

.debug_loc      0x00000000       0x9c
 .debug_loc     0x00000000       0x38 main.o
 .debug_loc     0x00000038       0x64 startup.o

.debug_aranges  0x00000000       0x40
 .debug_aranges
                0x00000000       0x20 main.o
 .debug_aranges
                0x00000020       0x20 startup.o

.debug_line     0x00000000      0x16e
 .debug_line    0x00000000       0xaf main.o
 .debug_line    0x000000af       0xbf startup.o

.debug_str      0x00000000      0x189
 .debug_str     0x00000000      0x107 main.o
                                0x152 (size before relaxing)
 .debug_str     0x00000107       0x82 startup.o
                                0x168 (size before relaxing)

.comment        0x00000000       0x11
 .comment       0x00000000       0x11 main.o
                                 0x12 (size before relaxing)
 .comment       0x00000000       0x12 startup.o

.ARM.attributes
                0x00000000       0x33
 .ARM.attributes
                0x00000000       0x33 main.o
 .ARM.attributes
                0x00000033       0x33 startup.o

.debug_frame    0x00000000       0x78
 .debug_frame   0x00000000       0x2c main.o
 .debug_frame   0x0000002c       0x4c startup.o
