
Memory Configuration

Name             Origin             Length             Attributes
FLASH            0x08000000         0x00020000         xr
SRAM             0x20000000         0x00005000         xrw
*default*        0x00000000         0xffffffff

Linker script and memory map


.text           0x08000000      0x1d0
 *(.vectors*)
 .vectors       0x08000000       0x1c startup.o
                0x08000000                vectors
 *(.text)
 .text          0x0800001c       0xf8 main.o
                0x0800001c                main
 .text          0x08000114       0xbc startup.o
                0x08000114                Reset_Handler
                0x080001c4                MM_Fault_Handler
                0x080001c4                H_Fault_Handler
                0x080001c4                Bus_Fault
                0x080001c4                Default_Handler
                0x080001c4                Usage_Fault_Handler
                0x080001c4                NMI_Handler
 *(.rodata)
                0x080001d0                . = ALIGN (0x4)
                0x080001d0                _E_text = .

.glue_7         0x080001d0        0x0
 .glue_7        0x00000000        0x0 linker stubs

.glue_7t        0x080001d0        0x0
 .glue_7t       0x00000000        0x0 linker stubs

.vfp11_veneer   0x080001d0        0x0
 .vfp11_veneer  0x00000000        0x0 linker stubs

.v4_bx          0x080001d0        0x0
 .v4_bx         0x00000000        0x0 linker stubs

.iplt           0x080001d0        0x0
 .iplt          0x00000000        0x0 main.o

.rel.dyn        0x080001d0        0x0
 .rel.iplt      0x00000000        0x0 main.o

.data           0x20000000        0x4 load address 0x080001d0
                0x20000000                _S_data = .
 *(.data)
 .data          0x20000000        0x4 main.o
                0x20000000                PINS
 .data          0x20000004        0x0 startup.o
                0x20000004                . = ALIGN (0x4)
                0x20000004                _E_data = .

.igot.plt       0x20000004        0x0 load address 0x080001d4
 .igot.plt      0x00000000        0x0 main.o

.bss            0x20000004     0x2000 load address 0x080001d4
                0x20000004                _S_bss = .
 *(.bss)
 .bss           0x20000004        0x0 main.o
 .bss           0x20000004        0x0 startup.o
 *(COMMON)
                0x20000004                . = ALIGN (0x4)
                0x20000004                _E_bss = .
                0x20000004                . = ALIGN (0x4)
                0x20001004                . = (. + 0x1000)
 *fill*         0x20000004     0x1000 
                0x20001004                _heap_End = .
                0x20002004                . = (. + 0x1000)
 *fill*         0x20001004     0x1000 
                0x20002004                _stack_top = .
LOAD main.o
LOAD startup.o
OUTPUT(Led_flash_cortex_m3.elf elf32-littlearm)

.debug_info     0x00000000      0x2f2
 .debug_info    0x00000000      0x177 main.o
 .debug_info    0x00000177      0x17b startup.o

.debug_abbrev   0x00000000      0x183
 .debug_abbrev  0x00000000       0xbf main.o
 .debug_abbrev  0x000000bf       0xc4 startup.o

.debug_loc      0x00000000       0x9c
 .debug_loc     0x00000000       0x38 main.o
 .debug_loc     0x00000038       0x64 startup.o

.debug_aranges  0x00000000       0x40
 .debug_aranges
                0x00000000       0x20 main.o
 .debug_aranges
                0x00000020       0x20 startup.o

.debug_line     0x00000000      0x170
 .debug_line    0x00000000       0xb1 main.o
 .debug_line    0x000000b1       0xbf startup.o

.debug_str      0x00000000      0x172
 .debug_str     0x00000000       0xf0 main.o
                                0x13b (size before relaxing)
 .debug_str     0x000000f0       0x82 startup.o
                                0x161 (size before relaxing)

.comment        0x00000000       0x11
 .comment       0x00000000       0x11 main.o
                                 0x12 (size before relaxing)
 .comment       0x00000000       0x12 startup.o

.ARM.attributes
                0x00000000       0x33
 .ARM.attributes
                0x00000000       0x33 main.o
 .ARM.attributes
                0x00000033       0x33 startup.o

.debug_frame    0x00000000       0x7c
 .debug_frame   0x00000000       0x30 main.o
 .debug_frame   0x00000030       0x4c startup.o
